flow debug · release-1 · run 3f7c9a2e · held step · rev 2                 ? help
flow ────────────────────────── source addresses only ──────────────────────────
no program; pass --program        No source: pass --program <Flowfile> to see   
                                  its lines; showing the step's address.        
                                                                                
                                  held at build                                 
                                                                                
                                                                                
                                                                                
steps ─────────────────────────                                                 
  ○ checkout pending            scope 4 names ──────────────────────────────────
→ ▶ build running               •▸ inputs  {2}                                  
  ○ flaky pending                ▸ steps   {1}                                  
  ○ gated pending                ▸ run     {1}                                  
  ○ deploy pending                                                              
  ○ notify pending                                                              
  6 step(s)                                                                     
→ console 2/2  tab next  enter accept  esc close ───────────────────────────────
                                                                                
  continue   run to the next breakpoint, or the end                             
→ complete   list what could be written at the end of that text                 
debug> co_                                                                      
                                                                                
s step  n next  c continue  tab focus  : console  ? help  q quit                
