the terminal is 40x12 and this screen   
needs at least 60x12                    
                                        
                                        
                                        
                                        
                                        
                                        
                                        
                                        
                                        
                                        
