[1;38;2;241;239;239mflow debug[m[2;38;2;133;131;146m · release-1 · run 3f7c9a2e · held step · rev 2[m                 [2;38;2;133;131;146m? help[m
[1;38;2;133;131;146mflow[m [2;38;2;133;131;146m──────────────────────────[m [1;38;2;133;131;146msource[m [2;38;2;133;131;146maddresses only[m [2;38;2;133;131;146m──────────────────────────[m
[2;38;2;133;131;146mno program; pass --program[m      [2;38;2;133;131;146m  No source: pass --program <Flowfile> to see[m   
                                [2;38;2;133;131;146m  its lines; showing the step's address.[m        
                                                                                
                                  held at [1;38;2;241;239;239mbuild[m                                 
                                                                                
                                                                                
                                                                                
[1;38;2;133;131;146msteps[m [2;38;2;133;131;146m─────────────────────────[m                                                 
  [2;38;2;133;131;146m○[m checkout [2;38;2;133;131;146mpending[m            [38;2;107;80;255m→ scope[m [2;38;2;133;131;146m4 names[m [2;38;2;133;131;146m────────────────────────────────[m
→ [38;2;0;164;255m▶[m [1;38;2;241;239;239mbuild[m [2;38;2;133;131;146mrunning[m                ▾ [1;38;2;241;239;239minputs[m      {2}                              
  [2;38;2;133;131;146m○[m flaky [2;38;2;133;131;146mpending[m                    [1;38;2;241;239;239mversion[m   "2026.9.0"                       
  [2;38;2;133;131;146m○[m gated [2;38;2;133;131;146mpending[m                    [1;38;2;241;239;239mregion[m    "eu-west-1"                      
  [2;38;2;133;131;146m○[m deploy [2;38;2;133;131;146mpending[m               ▾ [1;38;2;241;239;239msteps[m       {1}                              
  [2;38;2;133;131;146m○[m notify [2;38;2;133;131;146mpending[m              →  ▸ [1;38;2;241;239;239mcheckout[m  {artifact: checkout.tar.gz, sha: 
[2;38;2;133;131;146m  6 step(s)[m                      ▸ [1;38;2;241;239;239mrun[m         {1}                              
[1;38;2;133;131;146mconsole[m [2;38;2;133;131;146m────────────────────────────────────────────────────────────────────────[m
[2;38;2;133;131;146mdebug> inspect inputs.region[m                                                    
[2;38;2;133;131;146m"eu-west-1"[m                                                                     
                                                                                
[2;38;2;133;131;146mdebug> [mstep                                                                     
                                                                                
[1;38;2;241;239;239ms[m [2;38;2;133;131;146mstep[m  [1;38;2;241;239;239mn[m [2;38;2;133;131;146mnext[m  [1;38;2;241;239;239mc[m [2;38;2;133;131;146mcontinue[m  [1;38;2;241;239;239mtab[m [2;38;2;133;131;146mfocus[m  [1;38;2;241;239;239m:[m [2;38;2;133;131;146mconsole[m  [1;38;2;241;239;239m?[m [2;38;2;133;131;146mhelp[m  [1;38;2;241;239;239mq[m [2;38;2;133;131;146mquit[m                
