[48;2;255;87;125m [m[1;38;2;32;31;38;48;2;255;87;125mFAILED[m[48;2;255;87;125m [m [1;38;2;241;239;239mflowstate-workflow-3f7c[m                                                
[2;38;2;133;131;146mrun 0198f1e2-0000-7000-8000-000000000000[m                                        
[2;38;2;133;131;146mwatching[m                                                                        
                                                                                
[38;2;255;87;125m✗[m [38;2;255;87;125mstep "deploy" could not reach the registry[m                                    
                                                                                
[2;38;2;133;131;146mq stops watching, not the run[m                                                   
                                                                                