flow debug · release-1 · run 3f7c9a2e · held step · rev 4                                                         ? help
→ flow 9 steps ────────────────── steps ─────────────────── scope 4 names ────────────────── inspector ─────────────────
     ✓ fetch task "http"            no step inventory; pass •▸ inputs  {2}                   group     inputs           
     — validate skipped task "htt                            ▸ steps   {1}                   root                       
  ┌▾ ✓ checks parallel                                       ▸ run     {1}                   names     2                
  │  branch 1                                                                                resolved  2                
  │     ✓ notify task "http"                                                                                            
  │  branch 2                                                                                                           
  │     △ audit tolerated task "h                                                                                       
  └──                                                                                                                   
  ┌▾ ▶ pages running loop                                                                                               
  │     ✓ page task "http"                                                                                              
→ │     ▶ store held task "http"                                                                                        
  └──                                                                                                                   
     ○ charge task "http"                                                                                               
                                                                                                                        
                                                                                                                        
                                                                                                                        
                                                                                                                        
                                                                                                                        
                                                                                                                        
                                                                                                                        
                                                                                                                        
                                                                                                                        
                                                                                                                        
                                                                                                                        
                                                                                                                        
console ────────────────────────────────────────────────────────────────────────────────────────────────────────────────
debug> step                                                                                                             
                                                                                                                        
                                                                                                                        
                                                                                                                        
                                                                                                                        
debug> until pages/store                                                                                                
                                                                                                                        
s step  n next  c continue  tab focus  : console  ? help  q quit                                                        
