flow debug · release-1 · run 3f7c9a2e · held step · rev 4                 ? help
→ flow 9 steps ────────────────── scope 4 names ────────────────────────────────
  │  branch 2                     •▸ inputs  {2}                                
  │     △ audit tolerated task "h  ▸ steps   {1}                                
  └──                              ▸ run     {1}                                
  ┌▾ ▶ pages running loop                                                       
  │     ✓ page task "http"                                                      
→ │     ▶ store held task "http"                                                
  └──                                                                           
     ○ charge task "http"                                                       
steps ───────────────────────────                                               
  no step inventory; pass --progr                                               
                                                                                
                                                                                
                                                                                
                                                                                
                                                                                
console ────────────────────────────────────────────────────────────────────────
debug> step                                                                     
                                                                                
                                                                                
debug> until pages/store                                                        
                                                                                
s step  n next  c continue  tab focus  : console  ? help  q quit                
