=== 120x16
[1;38;2;241;239;239mflow explore[m [2;38;2;133;131;146mfixtures[m                                                                                                   
[38;2;107;80;255m> graph[m [2;38;2;133;131;146m3 workflows[m [2;38;2;133;131;146m---------------------------------------------[m [1;38;2;133;131;146mdetails[m [2;38;2;133;131;146m----------------------------------------------[m
 + [1;38;2;241;239;239maudit[m       1 COMPLETED                                        [2;38;2;133;131;146mkind[m       workflow                                   
 + [1;38;2;241;239;239mcharge[m                                                         [2;38;2;133;131;146mname[m       charge                                     
 - [1;38;2;241;239;239mcheckout[m    1 FAILED, 2 RUNNING                                [2;38;2;133;131;146mid[m         workflow:charge                            
>  - [1;38;2;241;239;239mcharge[m    calls                                              [2;38;2;133;131;146mcalls[m      audit                                      
     + [1;38;2;241;239;239maudit[m   calls  1 COMPLETED                                 [2;38;2;133;131;146muses[m       http                                       
       [1;38;2;241;239;239mhttp[m    uses                                               [2;38;2;133;131;146mcalled by[m  checkout                                   
     [1;38;2;241;239;239mapproved[m  waits for                                                                                                
     [1;38;2;241;239;239mhttp[m      uses x2                                                                                                  
                                                                                                                        
                                                                                                                        
                                                                                                                        
                                                                                                                        
                                                                                                                        
[1;38;2;241;239;239mr[m [2;38;2;133;131;146mrefresh[m  [1;38;2;241;239;239m?[m [2;38;2;133;131;146mhelp[m  [1;38;2;241;239;239mq[m [2;38;2;133;131;146mquit[m                                                                                               
=== 60x16
[1;38;2;241;239;239mflow explore[m [2;38;2;133;131;146mfixtures[m                                       
[38;2;107;80;255m> graph[m [2;38;2;133;131;146m3 workflows[m [2;38;2;133;131;146m----------------------------------------[m
 + [1;38;2;241;239;239maudit[m      1 COMPLETED                                   
 + [1;38;2;241;239;239mcharge[m                                                   
 - [1;38;2;241;239;239mcheckout[m   1 FAILED, 2 RUNNING                           
>  - [1;38;2;241;239;239mcharge[m   calls                                         
     + [1;38;2;241;239;239maudit[m  calls  1 COMPLETED                            
       [1;38;2;241;239;239mhttp[m   uses                                          
[1;38;2;133;131;146mdetails[m [2;38;2;133;131;146m----------------------------------------------------[m
[2;38;2;133;131;146mkind[m       workflow                                         
[2;38;2;133;131;146mname[m       charge                                           
[2;38;2;133;131;146mid[m         workflow:charge                                  
[2;38;2;133;131;146mcalls[m      audit                                            
[2;38;2;133;131;146m...[m                                                         
                                                            
[1;38;2;241;239;239mr[m [2;38;2;133;131;146mrefresh[m  [1;38;2;241;239;239m?[m [2;38;2;133;131;146mhelp[m  [1;38;2;241;239;239mq[m [2;38;2;133;131;146mquit[m                                   

