flow debug · release-1 · run 3f7c9a2e · held step · rev 2                 ? help
flow ──────────────────────────── → scope 4 names ──────────────────────────────
no program; pass --program         ▾ inputs      {2}                            
                                       version   "2026.9.0"                     
                                       region    "eu-west-1"                    
                                   ▾ steps       {1}                            
                                  →  ▸ checkout  {artifact: checkout.tar.gz, sha
                                   ▸ run         {1}                            
                                                                                
                                                                                
steps ───────────────────────────                                               
  ○ checkout pending                                                            
→ ▶ build running                                                               
  ○ flaky pending                                                               
  ○ gated pending                                                               
  ○ deploy pending                                                              
  ○ notify pending                                                              
console ────────────────────────────────────────────────────────────────────────
                                                                                
                                                                                
                                                                                
debug>                                                                          
                                                                                
s step  n next  c continue  tab focus  : console  ? help  q quit                
